============================= test session starts =============================
platform win32 -- Python 3.12.1, pytest-9.0.2, pluggy-1.6.0
rootdir: E:\Repo\project-astartes\notion-learning-sync
configfile: pyproject.toml
testpaths: tests
plugins: anyio-4.12.0, asyncio-1.3.0, bdd-8.1.0, cov-7.0.0
asyncio: mode=Mode.STRICT, debug=False, asyncio_default_fixture_loop_scope=None, asyncio_default_test_loop_scope=function
collected 202 items

tests\bdd\steps\ccna\test_ccna_accessibility.py ...                      [  1%]
tests\bdd\steps\ccna\test_ccna_atoms.py .........                        [  5%]
tests\bdd\steps\ccna\test_ccna_sequencing.py ..s.                        [  7%]
tests\bdd\steps\test_neuro_cognition.py ..................               [ 16%]
tests\e2e\test_study_flow.py ssssssssssssss                              [ 23%]
tests\integration\test_data_pipeline.py ................                 [ 31%]
tests\integration\test_study_flow.py ......                              [ 34%]
tests\smoke\test_cli_commands.py .....................                   [ 45%]
tests\unit\test_content_parser.py .............................          [ 59%]
tests\unit\test_embedding_service.py ..................                  [ 68%]
tests\unit\test_enhanced_quality_validator.py ..                         [ 69%]
tests\unit\test_numeric_comparison.py .................................. [ 86%]
..                                                                       [ 87%]
tests\unit\test_path_sequencer_mastery.py .........                      [ 91%]
tests\unit\test_section_linking.py .................                     [100%]

=========== 187 passed, 15 skipped, 16 warnings in 83.77s (0:01:23) ===========
